// Jest Snapshot v1, https://goo.gl/fbAQLP

exports[`MyComponent should render correctly and have no props 1`] = `<App />`;
